Archive member included to satisfy reference by file (symbol)

/home/odemki/Programs/programs/STM32IDE/1/en.en-st-stm32cubeide_1-5-0_8698_20201117_1050_amd64_sh/makeself_dir_5QpOGP/y/plugins/com.st.stm32cube.ide.mcu.externaltools.gnu-tools-for-stm32.9-2020-q2-update.linux64_1.5.0.202011040924/tools/bin/../lib/gcc/arm-none-eabi/9.3.1/../../../../arm-none-eabi/lib/thumb/v7-m/nofp/libc_nano.a(lib_a-errno.o)
                              Core/Src/syscalls.o (__errno)
/home/odemki/Programs/programs/STM32IDE/1/en.en-st-stm32cubeide_1-5-0_8698_20201117_1050_amd64_sh/makeself_dir_5QpOGP/y/plugins/com.st.stm32cube.ide.mcu.externaltools.gnu-tools-for-stm32.9-2020-q2-update.linux64_1.5.0.202011040924/tools/bin/../lib/gcc/arm-none-eabi/9.3.1/../../../../arm-none-eabi/lib/thumb/v7-m/nofp/libc_nano.a(lib_a-exit.o)
                              /home/odemki/Programs/programs/STM32IDE/1/en.en-st-stm32cubeide_1-5-0_8698_20201117_1050_amd64_sh/makeself_dir_5QpOGP/y/plugins/com.st.stm32cube.ide.mcu.externaltools.gnu-tools-for-stm32.9-2020-q2-update.linux64_1.5.0.202011040924/tools/bin/../lib/gcc/arm-none-eabi/9.3.1/../../../../arm-none-eabi/lib/thumb/v7-m/nofp/crt0.o (exit)
/home/odemki/Programs/programs/STM32IDE/1/en.en-st-stm32cubeide_1-5-0_8698_20201117_1050_amd64_sh/makeself_dir_5QpOGP/y/plugins/com.st.stm32cube.ide.mcu.externaltools.gnu-tools-for-stm32.9-2020-q2-update.linux64_1.5.0.202011040924/tools/bin/../lib/gcc/arm-none-eabi/9.3.1/../../../../arm-none-eabi/lib/thumb/v7-m/nofp/libc_nano.a(lib_a-impure.o)
                              /home/odemki/Programs/programs/STM32IDE/1/en.en-st-stm32cubeide_1-5-0_8698_20201117_1050_amd64_sh/makeself_dir_5QpOGP/y/plugins/com.st.stm32cube.ide.mcu.externaltools.gnu-tools-for-stm32.9-2020-q2-update.linux64_1.5.0.202011040924/tools/bin/../lib/gcc/arm-none-eabi/9.3.1/../../../../arm-none-eabi/lib/thumb/v7-m/nofp/libc_nano.a(lib_a-exit.o) (_global_impure_ptr)
/home/odemki/Programs/programs/STM32IDE/1/en.en-st-stm32cubeide_1-5-0_8698_20201117_1050_amd64_sh/makeself_dir_5QpOGP/y/plugins/com.st.stm32cube.ide.mcu.externaltools.gnu-tools-for-stm32.9-2020-q2-update.linux64_1.5.0.202011040924/tools/bin/../lib/gcc/arm-none-eabi/9.3.1/../../../../arm-none-eabi/lib/thumb/v7-m/nofp/libc_nano.a(lib_a-init.o)
                              /home/odemki/Programs/programs/STM32IDE/1/en.en-st-stm32cubeide_1-5-0_8698_20201117_1050_amd64_sh/makeself_dir_5QpOGP/y/plugins/com.st.stm32cube.ide.mcu.externaltools.gnu-tools-for-stm32.9-2020-q2-update.linux64_1.5.0.202011040924/tools/bin/../lib/gcc/arm-none-eabi/9.3.1/../../../../arm-none-eabi/lib/thumb/v7-m/nofp/crt0.o (__libc_init_array)
/home/odemki/Programs/programs/STM32IDE/1/en.en-st-stm32cubeide_1-5-0_8698_20201117_1050_amd64_sh/makeself_dir_5QpOGP/y/plugins/com.st.stm32cube.ide.mcu.externaltools.gnu-tools-for-stm32.9-2020-q2-update.linux64_1.5.0.202011040924/tools/bin/../lib/gcc/arm-none-eabi/9.3.1/../../../../arm-none-eabi/lib/thumb/v7-m/nofp/libc_nano.a(lib_a-itoa.o)
                              Core/Src/menu/oled_simulation_menu.o (itoa)
/home/odemki/Programs/programs/STM32IDE/1/en.en-st-stm32cubeide_1-5-0_8698_20201117_1050_amd64_sh/makeself_dir_5QpOGP/y/plugins/com.st.stm32cube.ide.mcu.externaltools.gnu-tools-for-stm32.9-2020-q2-update.linux64_1.5.0.202011040924/tools/bin/../lib/gcc/arm-none-eabi/9.3.1/../../../../arm-none-eabi/lib/thumb/v7-m/nofp/libc_nano.a(lib_a-memset.o)
                              /home/odemki/Programs/programs/STM32IDE/1/en.en-st-stm32cubeide_1-5-0_8698_20201117_1050_amd64_sh/makeself_dir_5QpOGP/y/plugins/com.st.stm32cube.ide.mcu.externaltools.gnu-tools-for-stm32.9-2020-q2-update.linux64_1.5.0.202011040924/tools/bin/../lib/gcc/arm-none-eabi/9.3.1/../../../../arm-none-eabi/lib/thumb/v7-m/nofp/crt0.o (memset)
/home/odemki/Programs/programs/STM32IDE/1/en.en-st-stm32cubeide_1-5-0_8698_20201117_1050_amd64_sh/makeself_dir_5QpOGP/y/plugins/com.st.stm32cube.ide.mcu.externaltools.gnu-tools-for-stm32.9-2020-q2-update.linux64_1.5.0.202011040924/tools/bin/../lib/gcc/arm-none-eabi/9.3.1/../../../../arm-none-eabi/lib/thumb/v7-m/nofp/libc_nano.a(lib_a-strncpy.o)
                              Core/Src/menu/oled_simulation_menu.o (strncpy)
/home/odemki/Programs/programs/STM32IDE/1/en.en-st-stm32cubeide_1-5-0_8698_20201117_1050_amd64_sh/makeself_dir_5QpOGP/y/plugins/com.st.stm32cube.ide.mcu.externaltools.gnu-tools-for-stm32.9-2020-q2-update.linux64_1.5.0.202011040924/tools/bin/../lib/gcc/arm-none-eabi/9.3.1/../../../../arm-none-eabi/lib/thumb/v7-m/nofp/libc_nano.a(lib_a-utoa.o)
                              /home/odemki/Programs/programs/STM32IDE/1/en.en-st-stm32cubeide_1-5-0_8698_20201117_1050_amd64_sh/makeself_dir_5QpOGP/y/plugins/com.st.stm32cube.ide.mcu.externaltools.gnu-tools-for-stm32.9-2020-q2-update.linux64_1.5.0.202011040924/tools/bin/../lib/gcc/arm-none-eabi/9.3.1/../../../../arm-none-eabi/lib/thumb/v7-m/nofp/libc_nano.a(lib_a-itoa.o) (__utoa)

Allocating common symbols
Common symbol       size              file

[...]
Memory Configuration

Name             Origin             Length             Attributes
RAM              0x0000000020000000 0x0000000000005000 xrw
FLASH            0x0000000008000000 0x0000000000010000 xr
*default*        0x0000000000000000 0xffffffffffffffff

Linker script and memory map

LOAD /home/odemki/Programs/programs/STM32IDE/1/en.en-st-stm32cubeide_1-5-0_8698_20201117_1050_amd64_sh/makeself_dir_5QpOGP/y/plugins/com.st.stm32cube.ide.mcu.externaltools.gnu-tools-for-stm32.9-2020-q2-update.linux64_1.5.0.202011040924/tools/bin/../lib/gcc/arm-none-eabi/9.3.1/thumb/v7-m/nofp/crti.o
LOAD /home/odemki/Programs/programs/STM32IDE/1/en.en-st-stm32cubeide_1-5-0_8698_20201117_1050_amd64_sh/makeself_dir_5QpOGP/y/plugins/com.st.stm32cube.ide.mcu.externaltools.gnu-tools-for-stm32.9-2020-q2-update.linux64_1.5.0.202011040924/tools/bin/../lib/gcc/arm-none-eabi/9.3.1/thumb/v7-m/nofp/crtbegin.o
LOAD /home/odemki/Programs/programs/STM32IDE/1/en.en-st-stm32cubeide_1-5-0_8698_20201117_1050_amd64_sh/makeself_dir_5QpOGP/y/plugins/com.st.stm32cube.ide.mcu.externaltools.gnu-tools-for-stm32.9-2020-q2-update.linux64_1.5.0.202011040924/tools/bin/../lib/gcc/arm-none-eabi/9.3.1/../../../../arm-none-eabi/lib/thumb/v7-m/nofp/crt0.o
LOAD Core/Src/main.o
LOAD Core/Src/stm32f1xx_hal_msp.o
LOAD Core/Src/stm32f1xx_it.o
LOAD Core/Src/syscalls.o
LOAD Core/Src/sysmem.o
LOAD Core/Src/system_stm32f1xx.o
LOAD Core/Src/menu/oled_simulation_menu.o
LOAD Core/Src/oled/fonts.o
LOAD Core/Src/oled/oled_main.o
LOAD Core/Src/oled/ssd1306.o
LOAD Core/Startup/startup_stm32f103c8tx.o
LOAD Drivers/STM32F1xx_HAL_Driver/Src/stm32f1xx_hal.o
LOAD Drivers/STM32F1xx_HAL_Driver/Src/stm32f1xx_hal_cortex.o
LOAD Drivers/STM32F1xx_HAL_Driver/Src/stm32f1xx_hal_dma.o
LOAD Drivers/STM32F1xx_HAL_Driver/Src/stm32f1xx_hal_exti.o
LOAD Drivers/STM32F1xx_HAL_Driver/Src/stm32f1xx_hal_flash.o
LOAD Drivers/STM32F1xx_HAL_Driver/Src/stm32f1xx_hal_flash_ex.o
LOAD Drivers/STM32F1xx_HAL_Driver/Src/stm32f1xx_hal_gpio.o
LOAD Drivers/STM32F1xx_HAL_Driver/Src/stm32f1xx_hal_gpio_ex.o
LOAD Drivers/STM32F1xx_HAL_Driver/Src/stm32f1xx_hal_i2c.o
LOAD Drivers/STM32F1xx_HAL_Driver/Src/stm32f1xx_hal_pwr.o
LOAD Drivers/STM32F1xx_HAL_Driver/Src/stm32f1xx_hal_rcc.o
LOAD Drivers/STM32F1xx_HAL_Driver/Src/stm32f1xx_hal_rcc_ex.o
LOAD Drivers/STM32F1xx_HAL_Driver/Src/stm32f1xx_hal_tim.o
LOAD Drivers/STM32F1xx_HAL_Driver/Src/stm32f1xx_hal_tim_ex.o
START GROUP
LOAD /home/odemki/Programs/programs/STM32IDE/1/en.en-st-stm32cubeide_1-5-0_8698_20201117_1050_amd64_sh/makeself_dir_5QpOGP/y/plugins/com.st.stm32cube.ide.mcu.externaltools.gnu-tools-for-stm32.9-2020-q2-update.linux64_1.5.0.202011040924/tools/bin/../lib/gcc/arm-none-eabi/9.3.1/../../../../arm-none-eabi/lib/thumb/v7-m/nofp/libc_nano.a
LOAD /home/odemki/Programs/programs/STM32IDE/1/en.en-st-stm32cubeide_1-5-0_8698_20201117_1050_amd64_sh/makeself_dir_5QpOGP/y/plugins/com.st.stm32cube.ide.mcu.externaltools.gnu-tools-for-stm32.9-2020-q2-update.linux64_1.5.0.202011040924/tools/bin/../lib/gcc/arm-none-eabi/9.3.1/../../../../arm-none-eabi/lib/thumb/v7-m/nofp/libm.a
END GROUP
START GROUP
LOAD /home/odemki/Programs/programs/STM32IDE/1/en.en-st-stm32cubeide_1-5-0_8698_20201117_1050_amd64_sh/makeself_dir_5QpOGP/y/plugins/com.st.stm32cube.ide.mcu.externaltools.gnu-tools-for-stm32.9-2020-q2-update.linux64_1.5.0.202011040924/tools/bin/../lib/gcc/arm-none-eabi/9.3.1/thumb/v7-m/nofp/libgcc.a
LOAD /home/odemki/Programs/programs/STM32IDE/1/en.en-st-stm32cubeide_1-5-0_8698_20201117_1050_amd64_sh/makeself_dir_5QpOGP/y/plugins/com.st.stm32cube.ide.mcu.externaltools.gnu-tools-for-stm32.9-2020-q2-update.linux64_1.5.0.202011040924/tools/bin/../lib/gcc/arm-none-eabi/9.3.1/../../../../arm-none-eabi/lib/thumb/v7-m/nofp/libc_nano.a
END GROUP
START GROUP
LOAD /home/odemki/Programs/programs/STM32IDE/1/en.en-st-stm32cubeide_1-5-0_8698_20201117_1050_amd64_sh/makeself_dir_5QpOGP/y/plugins/com.st.stm32cube.ide.mcu.externaltools.gnu-tools-for-stm32.9-2020-q2-update.linux64_1.5.0.202011040924/tools/bin/../lib/gcc/arm-none-eabi/9.3.1/thumb/v7-m/nofp/libgcc.a
LOAD /home/odemki/Programs/programs/STM32IDE/1/en.en-st-stm32cubeide_1-5-0_8698_20201117_1050_amd64_sh/makeself_dir_5QpOGP/y/plugins/com.st.stm32cube.ide.mcu.externaltools.gnu-tools-for-stm32.9-2020-q2-update.linux64_1.5.0.202011040924/tools/bin/../lib/gcc/arm-none-eabi/9.3.1/../../../../arm-none-eabi/lib/thumb/v7-m/nofp/libc_nano.a
LOAD /home/odemki/Programs/programs/STM32IDE/1/en.en-st-stm32cubeide_1-5-0_8698_20201117_1050_amd64_sh/makeself_dir_5QpOGP/y/plugins/com.st.stm32cube.ide.mcu.externaltools.gnu-tools-for-stm32.9-2020-q2-update.linux64_1.5.0.202011040924/tools/bin/../lib/gcc/arm-none-eabi/9.3.1/../../../../arm-none-eabi/lib/thumb/v7-m/nofp/libnosys.a
END GROUP
START GROUP
LOAD /home/odemki/Programs/programs/STM32IDE/1/en.en-st-stm32cubeide_1-5-0_8698_20201117_1050_amd64_sh/makeself_dir_5QpOGP/y/plugins/com.st.stm32cube.ide.mcu.externaltools.gnu-tools-for-stm32.9-2020-q2-update.linux64_1.5.0.202011040924/tools/bin/../lib/gcc/arm-none-eabi/9.3.1/thumb/v7-m/nofp/libgcc.a
LOAD /home/odemki/Programs/programs/STM32IDE/1/en.en-st-stm32cubeide_1-5-0_8698_20201117_1050_amd64_sh/makeself_dir_5QpOGP/y/plugins/com.st.stm32cube.ide.mcu.externaltools.gnu-tools-for-stm32.9-2020-q2-update.linux64_1.5.0.202011040924/tools/bin/../lib/gcc/arm-none-eabi/9.3.1/../../../../arm-none-eabi/lib/thumb/v7-m/nofp/libc_nano.a
LOAD /home/odemki/Programs/programs/STM32IDE/1/en.en-st-stm32cubeide_1-5-0_8698_20201117_1050_amd64_sh/makeself_dir_5QpOGP/y/plugins/com.st.stm32cube.ide.mcu.externaltools.gnu-tools-for-stm32.9-2020-q2-update.linux64_1.5.0.202011040924/tools/bin/../lib/gcc/arm-none-eabi/9.3.1/../../../../arm-none-eabi/lib/thumb/v7-m/nofp/libnosys.a
END GROUP
LOAD /home/odemki/Programs/programs/STM32IDE/1/en.en-st-stm32cubeide_1-5-0_8698_20201117_1050_amd64_sh/makeself_dir_5QpOGP/y/plugins/com.st.stm32cube.ide.mcu.externaltools.gnu-tools-for-stm32.9-2020-q2-update.linux64_1.5.0.202011040924/tools/bin/../lib/gcc/arm-none-eabi/9.3.1/thumb/v7-m/nofp/crtend.o
LOAD /home/odemki/Programs/programs/STM32IDE/1/en.en-st-stm32cubeide_1-5-0_8698_20201117_1050_amd64_sh/makeself_dir_5QpOGP/y/plugins/com.st.stm32cube.ide.mcu.externaltools.gnu-tools-for-stm32.9-2020-q2-update.linux64_1.5.0.202011040924/tools/bin/../lib/gcc/arm-none-eabi/9.3.1/thumb/v7-m/nofp/crtn.o
                0x0000000020005000                _estack = (ORIGIN (RAM) + LENGTH (RAM))
                0x0000000000000200                _Min_Heap_Size = 0x200
                0x0000000000000400                _Min_Stack_Size = 0x400

.isr_vector     0x0000000008000000      0x10c
                0x0000000008000000                . = ALIGN (0x4)
 *(.isr_vector)
 .isr_vector    0x0000000008000000      0x10c Core/Startup/startup_stm32f103c8tx.o
                0x0000000008000000                g_pfnVectors
                0x000000000800010c                . = ALIGN (0x4)

.text           0x000000000800010c     0x4a58
                0x000000000800010c                . = ALIGN (0x4)
 *(.text)
 .text          0x000000000800010c       0x40 /home/odemki/Programs/programs/STM32IDE/1/en.en-st-stm32cubeide_1-5-0_8698_20201117_1050_amd64_sh/makeself_dir_5QpOGP/y/plugins/com.st.stm32cube.ide.mcu.externaltools.gnu-tools-for-stm32.9-2020-q2-update.linux64_1.5.0.202011040924/tools/bin/../lib/gcc/arm-none-eabi/9.3.1/thumb/v7-m/nofp/crtbegin.o
 *(.text*)
 .text.main     0x000000000800014c       0x3c Core/Src/main.o
                0x000000000800014c                main
 .text.SystemClock_Config
                0x0000000008000188       0x8a Core/Src/main.o
                0x0000000008000188                SystemClock_Config
 *fill*         0x0000000008000212        0x2 
 .text.MX_I2C1_Init
                0x0000000008000214       0x5c Core/Src/main.o
 .text.MX_TIM1_Init
                0x0000000008000270       0xa0 Core/Src/main.o
 .text.MX_GPIO_Init
                0x0000000008000310      0x110 Core/Src/main.o
 .text.Error_Handler
                0x0000000008000420        0xa Core/Src/main.o
                0x0000000008000420                Error_Handler
 *fill*         0x000000000800042a        0x2 
 .text.HAL_MspInit
                0x000000000800042c       0x64 Core/Src/stm32f1xx_hal_msp.o
                0x000000000800042c                HAL_MspInit
 .text.HAL_I2C_MspInit
                0x0000000008000490       0x7c Core/Src/stm32f1xx_hal_msp.o
                0x0000000008000490                HAL_I2C_MspInit
 .text.HAL_TIM_Base_MspInit
                0x000000000800050c       0x4c Core/Src/stm32f1xx_hal_msp.o
                0x000000000800050c                HAL_TIM_Base_MspInit
 .text.NMI_Handler
                0x0000000008000558        0x6 Core/Src/stm32f1xx_it.o
                0x0000000008000558                NMI_Handler
 .text.HardFault_Handler
                0x000000000800055e        0x6 Core/Src/stm32f1xx_it.o
                0x000000000800055e                HardFault_Handler
 .text.MemManage_Handler
                0x0000000008000564        0x6 Core/Src/stm32f1xx_it.o
                0x0000000008000564                MemManage_Handler
 .text.BusFault_Handler
                0x000000000800056a        0x6 Core/Src/stm32f1xx_it.o
                0x000000000800056a                BusFault_Handler
 .text.UsageFault_Handler
                0x0000000008000570        0x6 Core/Src/stm32f1xx_it.o
                0x0000000008000570                UsageFault_Handler
 .text.SVC_Handler
                0x0000000008000576        0xc Core/Src/stm32f1xx_it.o
                0x0000000008000576                SVC_Handler
 .text.DebugMon_Handler
                0x0000000008000582        0xc Core/Src/stm32f1xx_it.o
                0x0000000008000582                DebugMon_Handler
 .text.PendSV_Handler
                0x000000000800058e        0xc Core/Src/stm32f1xx_it.o
                0x000000000800058e                PendSV_Handler
 .text.SysTick_Handler
                0x000000000800059a        0xc Core/Src/stm32f1xx_it.o
                0x000000000800059a                SysTick_Handler
 *fill*         0x00000000080005a6        0x2 
 .text.EXTI9_5_IRQHandler
                0x00000000080005a8       0x58 Core/Src/stm32f1xx_it.o
                0x00000000080005a8                EXTI9_5_IRQHandler
 .text.TIM1_UP_IRQHandler
                0x0000000008000600      0x100 Core/Src/stm32f1xx_it.o
                0x0000000008000600                TIM1_UP_IRQHandler
 .text.EXTI15_10_IRQHandler
                0x0000000008000700       0x88 Core/Src/stm32f1xx_it.o
                0x0000000008000700                EXTI15_10_IRQHandler
 .text.SystemInit
                0x0000000008000788        0xc Core/Src/system_stm32f1xx.o
                0x0000000008000788                SystemInit
 .text.scroll_bar
                0x0000000008000794       0xe8 Core/Src/menu/oled_simulation_menu.o
                0x0000000008000794                scroll_bar
 .text.print_rectangle_on_head
                0x000000000800087c       0x20 Core/Src/menu/oled_simulation_menu.o
                0x000000000800087c                print_rectangle_on_head
 .text.clear_menu_items
                0x000000000800089c       0xec Core/Src/menu/oled_simulation_menu.o
                0x000000000800089c                clear_menu_items
 .text.print_rows_on_oled_if_up
                0x0000000008000988       0xf8 Core/Src/menu/oled_simulation_menu.o
                0x0000000008000988                print_rows_on_oled_if_up
 .text.print_rows_on_oled_if_down
                0x0000000008000a80      0x104 Core/Src/menu/oled_simulation_menu.o
                0x0000000008000a80                print_rows_on_oled_if_down
 .text.print_menu_init
                0x0000000008000b84      0x120 Core/Src/menu/oled_simulation_menu.o
                0x0000000008000b84                print_menu_init
 .text.action   0x0000000008000ca4      0x13c Core/Src/menu/oled_simulation_menu.o
                0x0000000008000ca4                action
 .text.return_from_menu
                0x0000000008000de0       0x54 Core/Src/menu/oled_simulation_menu.o
                0x0000000008000de0                return_from_menu
 .text.do_it_function_menu_1
                0x0000000008000e34       0xe4 Core/Src/menu/oled_simulation_menu.o
                0x0000000008000e34                do_it_function_menu_1
 .text.items_menu_1_set_par_1
                0x0000000008000f18       0xc0 Core/Src/menu/oled_simulation_menu.o
                0x0000000008000f18                items_menu_1_set_par_1
 .text.items_menu_1_set_par_2
                0x0000000008000fd8       0xc0 Core/Src/menu/oled_simulation_menu.o
                0x0000000008000fd8                items_menu_1_set_par_2
 .text.items_menu_1_set_par_3
                0x0000000008001098       0xc0 Core/Src/menu/oled_simulation_menu.o
                0x0000000008001098                items_menu_1_set_par_3
 .text.do_it_function_menu_2
                0x0000000008001158       0xe4 Core/Src/menu/oled_simulation_menu.o
                0x0000000008001158                do_it_function_menu_2
 .text.items_menu_2_set_par_1
                0x000000000800123c       0xc0 Core/Src/menu/oled_simulation_menu.o
                0x000000000800123c                items_menu_2_set_par_1
 .text.do_it_function_menu_3
                0x00000000080012fc       0xe8 Core/Src/menu/oled_simulation_menu.o
                0x00000000080012fc                do_it_function_menu_3
 .text.do_it_function_menu_4
                0x00000000080013e4       0xe8 Core/Src/menu/oled_simulation_menu.o
                0x00000000080013e4                do_it_function_menu_4
 .text.items_menu_4_set_par_1
                0x00000000080014cc       0xc0 Core/Src/menu/oled_simulation_menu.o
                0x00000000080014cc                items_menu_4_set_par_1
 .text.items_menu_4_set_par_2
                0x000000000800158c       0xc0 Core/Src/menu/oled_simulation_menu.o
                0x000000000800158c                items_menu_4_set_par_2
 .text.items_menu_4_set_par_3
                0x000000000800164c       0xc0 Core/Src/menu/oled_simulation_menu.o
                0x000000000800164c                items_menu_4_set_par_3
 .text.items_menu_4_set_par_4
                0x000000000800170c       0xc0 Core/Src/menu/oled_simulation_menu.o
                0x000000000800170c                items_menu_4_set_par_4
 .text.items_menu_4_set_par_5
                0x00000000080017cc       0xc0 Core/Src/menu/oled_simulation_menu.o
                0x00000000080017cc                items_menu_4_set_par_5
 .text.items_menu_4_set_par_6
                0x000000000800188c       0xc0 Core/Src/menu/oled_simulation_menu.o
                0x000000000800188c                items_menu_4_set_par_6
 .text.items_menu_4_set_par_7
                0x000000000800194c       0xc0 Core/Src/menu/oled_simulation_menu.o
                0x000000000800194c                items_menu_4_set_par_7
 .text.items_menu_4_set_par_8
                0x0000000008001a0c       0xc0 Core/Src/menu/oled_simulation_menu.o
                0x0000000008001a0c                items_menu_4_set_par_8
 .text.Menu_Init
                0x0000000008001acc      0x848 Core/Src/menu/oled_simulation_menu.o
                0x0000000008001acc                Menu_Init
 .text.up       0x0000000008002314       0x34 Core/Src/menu/oled_simulation_menu.o
                0x0000000008002314                up
 .text.down     0x0000000008002348       0x34 Core/Src/menu/oled_simulation_menu.o
                0x0000000008002348                down
 .text.enter    0x000000000800237c       0x4c Core/Src/menu/oled_simulation_menu.o
                0x000000000800237c                enter
 .text.menu     0x00000000080023c8       0x58 Core/Src/menu/oled_simulation_menu.o
                0x00000000080023c8                menu
 .text.clearn_oled
                0x0000000008002420       0x12 Core/Src/oled/oled_main.o
                0x0000000008002420                clearn_oled
 *fill*         0x0000000008002432        0x2 
 .text.ssd1306_WriteCommand
                0x0000000008002434       0x30 Core/Src/oled/ssd1306.o
 .text.ssd1306_Init
                0x0000000008002464       0xd8 Core/Src/oled/ssd1306.o
                0x0000000008002464                ssd1306_Init
 .text.ssd1306_Fill
                0x000000000800253c       0x44 Core/Src/oled/ssd1306.o
                0x000000000800253c                ssd1306_Fill
 .text.ssd1306_UpdateScreen
                0x0000000008002580       0x60 Core/Src/oled/ssd1306.o
                0x0000000008002580                ssd1306_UpdateScreen
 .text.ssd1306_DrawPixel
                0x00000000080025e0       0xc0 Core/Src/oled/ssd1306.o
                0x00000000080025e0                ssd1306_DrawPixel
 .text.ssd1306_WriteChar
                0x00000000080026a0      0x100 Core/Src/oled/ssd1306.o
                0x00000000080026a0                ssd1306_WriteChar
 .text.ssd1306_WriteString
                0x00000000080027a0       0x4c Core/Src/oled/ssd1306.o
                0x00000000080027a0                ssd1306_WriteString
 .text.ssd1306_SetCursor
                0x00000000080027ec       0x30 Core/Src/oled/ssd1306.o
                0x00000000080027ec                ssd1306_SetCursor
 .text.ssd1306_Line
                0x000000000800281c       0xd8 Core/Src/oled/ssd1306.o
                0x000000000800281c                ssd1306_Line
 .text.ssd1306_DrawRectangle
                0x00000000080028f4       0x6e Core/Src/oled/ssd1306.o
                0x00000000080028f4                ssd1306_DrawRectangle
 .text.ssd1306FillRect
                0x0000000008002962       0x6e Core/Src/oled/ssd1306.o
                0x0000000008002962                ssd1306FillRect
 .text.Reset_Handler
                0x00000000080029d0       0x48 Core/Startup/startup_stm32f103c8tx.o
                0x00000000080029d0                Reset_Handler
 .text.Default_Handler
                0x0000000008002a18        0x2 Core/Startup/startup_stm32f103c8tx.o
                0x0000000008002a18                RTC_Alarm_IRQHandler
                0x0000000008002a18                EXTI2_IRQHandler
                0x0000000008002a18                TIM1_CC_IRQHandler
                0x0000000008002a18                PVD_IRQHandler
                0x0000000008002a18                EXTI3_IRQHandler
                0x0000000008002a18                EXTI0_IRQHandler
                0x0000000008002a18                I2C2_EV_IRQHandler
                0x0000000008002a18                ADC1_2_IRQHandler
                0x0000000008002a18                SPI1_IRQHandler
                0x0000000008002a18                TAMPER_IRQHandler
                0x0000000008002a18                DMA1_Channel4_IRQHandler
                0x0000000008002a18                USART3_IRQHandler
                0x0000000008002a18                RTC_IRQHandler
                0x0000000008002a18                DMA1_Channel7_IRQHandler
                0x0000000008002a18                CAN1_RX1_IRQHandler
                0x0000000008002a18                TIM4_IRQHandler
                0x0000000008002a18                I2C1_EV_IRQHandler
                0x0000000008002a18                DMA1_Channel6_IRQHandler
                0x0000000008002a18                TIM3_IRQHandler
                0x0000000008002a18                RCC_IRQHandler
                0x0000000008002a18                TIM1_TRG_COM_IRQHandler
                0x0000000008002a18                DMA1_Channel1_IRQHandler
                0x0000000008002a18                Default_Handler
                0x0000000008002a18                SPI2_IRQHandler
                0x0000000008002a18                DMA1_Channel5_IRQHandler
                0x0000000008002a18                EXTI4_IRQHandler
                0x0000000008002a18                USB_LP_CAN1_RX0_IRQHandler
                0x0000000008002a18                USB_HP_CAN1_TX_IRQHandler
                0x0000000008002a18                DMA1_Channel3_IRQHandler
                0x0000000008002a18                WWDG_IRQHandler
                0x0000000008002a18                TIM2_IRQHandler
                0x0000000008002a18                TIM1_BRK_IRQHandler
                0x0000000008002a18                EXTI1_IRQHandler
                0x0000000008002a18                USART2_IRQHandler
                0x0000000008002a18                I2C2_ER_IRQHandler
                0x0000000008002a18                DMA1_Channel2_IRQHandler
                0x0000000008002a18                CAN1_SCE_IRQHandler
                0x0000000008002a18                FLASH_IRQHandler
                0x0000000008002a18                USART1_IRQHandler
                0x0000000008002a18                I2C1_ER_IRQHandler
                0x0000000008002a18                USBWakeUp_IRQHandler
 *fill*         0x0000000008002a1a        0x2 
 .text.HAL_Init
                0x0000000008002a1c       0x2c Drivers/STM32F1xx_HAL_Driver/Src/stm32f1xx_hal.o
                0x0000000008002a1c                HAL_Init
 .text.HAL_InitTick
                0x0000000008002a48       0x60 Drivers/STM32F1xx_HAL_Driver/Src/stm32f1xx_hal.o
                0x0000000008002a48                HAL_InitTick
 .text.HAL_IncTick
                0x0000000008002aa8       0x24 Drivers/STM32F1xx_HAL_Driver/Src/stm32f1xx_hal.o
                0x0000000008002aa8                HAL_IncTick
 .text.HAL_GetTick
                0x0000000008002acc       0x14 Drivers/STM32F1xx_HAL_Driver/Src/stm32f1xx_hal.o
                0x0000000008002acc                HAL_GetTick
 .text.HAL_Delay
                0x0000000008002ae0       0x48 Drivers/STM32F1xx_HAL_Driver/Src/stm32f1xx_hal.o
                0x0000000008002ae0                HAL_Delay
 .text.__NVIC_SetPriorityGrouping
                0x0000000008002b28       0x48 Drivers/STM32F1xx_HAL_Driver/Src/stm32f1xx_hal_cortex.o
 .text.__NVIC_GetPriorityGrouping
                0x0000000008002b70       0x1c Drivers/STM32F1xx_HAL_Driver/Src/stm32f1xx_hal_cortex.o
 .text.__NVIC_EnableIRQ
                0x0000000008002b8c       0x38 Drivers/STM32F1xx_HAL_Driver/Src/stm32f1xx_hal_cortex.o
 .text.__NVIC_SetPriority
                0x0000000008002bc4       0x54 Drivers/STM32F1xx_HAL_Driver/Src/stm32f1xx_hal_cortex.o
 .text.NVIC_EncodePriority
                0x0000000008002c18       0x64 Drivers/STM32F1xx_HAL_Driver/Src/stm32f1xx_hal_cortex.o
 .text.SysTick_Config
                0x0000000008002c7c       0x44 Drivers/STM32F1xx_HAL_Driver/Src/stm32f1xx_hal_cortex.o
 .text.HAL_NVIC_SetPriorityGrouping
                0x0000000008002cc0       0x16 Drivers/STM32F1xx_HAL_Driver/Src/stm32f1xx_hal_cortex.o
                0x0000000008002cc0                HAL_NVIC_SetPriorityGrouping
 .text.HAL_NVIC_SetPriority
                0x0000000008002cd6       0x38 Drivers/STM32F1xx_HAL_Driver/Src/stm32f1xx_hal_cortex.o
                0x0000000008002cd6                HAL_NVIC_SetPriority
 .text.HAL_NVIC_EnableIRQ
                0x0000000008002d0e       0x1c Drivers/STM32F1xx_HAL_Driver/Src/stm32f1xx_hal_cortex.o
                0x0000000008002d0e                HAL_NVIC_EnableIRQ
 .text.HAL_SYSTICK_Config
                0x0000000008002d2a       0x18 Drivers/STM32F1xx_HAL_Driver/Src/stm32f1xx_hal_cortex.o
                0x0000000008002d2a                HAL_SYSTICK_Config
 *fill*         0x0000000008002d42        0x2 
 .text.HAL_GPIO_Init
                0x0000000008002d44      0x308 Drivers/STM32F1xx_HAL_Driver/Src/stm32f1xx_hal_gpio.o
                0x0000000008002d44                HAL_GPIO_Init
 .text.HAL_GPIO_ReadPin
                0x000000000800304c       0x2e Drivers/STM32F1xx_HAL_Driver/Src/stm32f1xx_hal_gpio.o
                0x000000000800304c                HAL_GPIO_ReadPin
 .text.HAL_GPIO_WritePin
                0x000000000800307a       0x30 Drivers/STM32F1xx_HAL_Driver/Src/stm32f1xx_hal_gpio.o
                0x000000000800307a                HAL_GPIO_WritePin
 *fill*         0x00000000080030aa        0x2 
 .text.HAL_GPIO_EXTI_IRQHandler
                0x00000000080030ac       0x30 Drivers/STM32F1xx_HAL_Driver/Src/stm32f1xx_hal_gpio.o
                0x00000000080030ac                HAL_GPIO_EXTI_IRQHandler
 .text.HAL_GPIO_EXTI_Callback
                0x00000000080030dc       0x14 Drivers/STM32F1xx_HAL_Driver/Src/stm32f1xx_hal_gpio.o
                0x00000000080030dc                HAL_GPIO_EXTI_Callback
 .text.HAL_I2C_Init
                0x00000000080030f0      0x288 Drivers/STM32F1xx_HAL_Driver/Src/stm32f1xx_hal_i2c.o
                0x00000000080030f0                HAL_I2C_Init
 .text.HAL_I2C_Mem_Write
                0x0000000008003378      0x1f4 Drivers/STM32F1xx_HAL_Driver/Src/stm32f1xx_hal_i2c.o
                0x0000000008003378                HAL_I2C_Mem_Write
 .text.I2C_RequestMemoryWrite
                0x000000000800356c      0x12c Drivers/STM32F1xx_HAL_Driver/Src/stm32f1xx_hal_i2c.o
 .text.I2C_WaitOnFlagUntilTimeout
                0x0000000008003698       0xae Drivers/STM32F1xx_HAL_Driver/Src/stm32f1xx_hal_i2c.o
 .text.I2C_WaitOnMasterAddressFlagUntilTimeout
                0x0000000008003746       0xfe Drivers/STM32F1xx_HAL_Driver/Src/stm32f1xx_hal_i2c.o
 .text.I2C_WaitOnTXEFlagUntilTimeout
                0x0000000008003844       0x82 Drivers/STM32F1xx_HAL_Driver/Src/stm32f1xx_hal_i2c.o
 .text.I2C_WaitOnBTFFlagUntilTimeout
                0x00000000080038c6       0x82 Drivers/STM32F1xx_HAL_Driver/Src/stm32f1xx_hal_i2c.o
 .text.I2C_IsAcknowledgeFailed
                0x0000000008003948       0x5c Drivers/STM32F1xx_HAL_Driver/Src/stm32f1xx_hal_i2c.o
 .text.HAL_RCC_OscConfig
                0x00000000080039a4      0x500 Drivers/STM32F1xx_HAL_Driver/Src/stm32f1xx_hal_rcc.o
                0x00000000080039a4                HAL_RCC_OscConfig
 .text.HAL_RCC_ClockConfig
                0x0000000008003ea4      0x1d4 Drivers/STM32F1xx_HAL_Driver/Src/stm32f1xx_hal_rcc.o
                0x0000000008003ea4                HAL_RCC_ClockConfig
 .text.HAL_RCC_GetSysClockFreq
                0x0000000008004078       0xc0 Drivers/STM32F1xx_HAL_Driver/Src/stm32f1xx_hal_rcc.o
                0x0000000008004078                HAL_RCC_GetSysClockFreq
 .text.HAL_RCC_GetHCLKFreq
                0x0000000008004138       0x14 Drivers/STM32F1xx_HAL_Driver/Src/stm32f1xx_hal_rcc.o
                0x0000000008004138                HAL_RCC_GetHCLKFreq
 .text.HAL_RCC_GetPCLK1Freq
                0x000000000800414c       0x28 Drivers/STM32F1xx_HAL_Driver/Src/stm32f1xx_hal_rcc.o
                0x000000000800414c                HAL_RCC_GetPCLK1Freq
 .text.RCC_Delay
                0x0000000008004174       0x3c Drivers/STM32F1xx_HAL_Driver/Src/stm32f1xx_hal_rcc.o
 .text.HAL_TIM_Base_Init
                0x00000000080041b0       0x9e Drivers/STM32F1xx_HAL_Driver/Src/stm32f1xx_hal_tim.o
                0x00000000080041b0                HAL_TIM_Base_Init
 *fill*         0x000000000800424e        0x2 
 .text.HAL_TIM_Base_Start_IT
                0x0000000008004250       0xa4 Drivers/STM32F1xx_HAL_Driver/Src/stm32f1xx_hal_tim.o
                0x0000000008004250                HAL_TIM_Base_Start_IT
 .text.HAL_TIM_Base_Stop_IT
                0x00000000080042f4       0x5c Drivers/STM32F1xx_HAL_Driver/Src/stm32f1xx_hal_tim.o
                0x00000000080042f4                HAL_TIM_Base_Stop_IT
 .text.HAL_TIM_IRQHandler
                0x0000000008004350      0x210 Drivers/STM32F1xx_HAL_Driver/Src/stm32f1xx_hal_tim.o
                0x0000000008004350                HAL_TIM_IRQHandler
 .text.HAL_TIM_ConfigClockSource
                0x0000000008004560      0x188 Drivers/STM32F1xx_HAL_Driver/Src/stm32f1xx_hal_tim.o
                0x0000000008004560                HAL_TIM_ConfigClockSource
 .text.HAL_TIM_PeriodElapsedCallback
                0x00000000080046e8       0x12 Drivers/STM32F1xx_HAL_Driver/Src/stm32f1xx_hal_tim.o
                0x00000000080046e8                HAL_TIM_PeriodElapsedCallback
 .text.HAL_TIM_OC_DelayElapsedCallback
                0x00000000080046fa       0x12 Drivers/STM32F1xx_HAL_Driver/Src/stm32f1xx_hal_tim.o
                0x00000000080046fa                HAL_TIM_OC_DelayElapsedCallback
 .text.HAL_TIM_IC_CaptureCallback
                0x000000000800470c       0x12 Drivers/STM32F1xx_HAL_Driver/Src/stm32f1xx_hal_tim.o
                0x000000000800470c                HAL_TIM_IC_CaptureCallback
 .text.HAL_TIM_PWM_PulseFinishedCallback
                0x000000000800471e       0x12 Drivers/STM32F1xx_HAL_Driver/Src/stm32f1xx_hal_tim.o
                0x000000000800471e                HAL_TIM_PWM_PulseFinishedCallback
 .text.HAL_TIM_TriggerCallback
                0x0000000008004730       0x12 Drivers/STM32F1xx_HAL_Driver/Src/stm32f1xx_hal_tim.o
                0x0000000008004730                HAL_TIM_TriggerCallback
 *fill*         0x0000000008004742        0x2 
 .text.TIM_Base_SetConfig
                0x0000000008004744       0xc4 Drivers/STM32F1xx_HAL_Driver/Src/stm32f1xx_hal_tim.o
                0x0000000008004744                TIM_Base_SetConfig
 .text.TIM_TI1_ConfigInputStage
                0x0000000008004808       0x5c Drivers/STM32F1xx_HAL_Driver/Src/stm32f1xx_hal_tim.o
 .text.TIM_TI2_ConfigInputStage
                0x0000000008004864       0x5e Drivers/STM32F1xx_HAL_Driver/Src/stm32f1xx_hal_tim.o
 .text.TIM_ITRx_SetConfig
                0x00000000080048c2       0x34 Drivers/STM32F1xx_HAL_Driver/Src/stm32f1xx_hal_tim.o
 .text.TIM_ETR_SetConfig
                0x00000000080048f6       0x3e Drivers/STM32F1xx_HAL_Driver/Src/stm32f1xx_hal_tim.o
                0x00000000080048f6                TIM_ETR_SetConfig
 .text.HAL_TIMEx_MasterConfigSynchronization
                0x0000000008004934       0xbc Drivers/STM32F1xx_HAL_Driver/Src/stm32f1xx_hal_tim_ex.o
                0x0000000008004934                HAL_TIMEx_MasterConfigSynchronization
 .text.HAL_TIMEx_CommutCallback
                0x00000000080049f0       0x12 Drivers/STM32F1xx_HAL_Driver/Src/stm32f1xx_hal_tim_ex.o
                0x00000000080049f0                HAL_TIMEx_CommutCallback
 .text.HAL_TIMEx_BreakCallback
                0x0000000008004a02       0x12 Drivers/STM32F1xx_HAL_Driver/Src/stm32f1xx_hal_tim_ex.o
                0x0000000008004a02                HAL_TIMEx_BreakCallback
 .text.__libc_init_array
                0x0000000008004a14       0x48 /home/odemki/Programs/programs/STM32IDE/1/en.en-st-stm32cubeide_1-5-0_8698_20201117_1050_amd64_sh/makeself_dir_5QpOGP/y/plugins/com.st.stm32cube.ide.mcu.externaltools.gnu-tools-for-stm32.9-2020-q2-update.linux64_1.5.0.202011040924/tools/bin/../lib/gcc/arm-none-eabi/9.3.1/../../../../arm-none-eabi/lib/thumb/v7-m/nofp/libc_nano.a(lib_a-init.o)
                0x0000000008004a14                __libc_init_array
 .text.__itoa   0x0000000008004a5c       0x30 /home/odemki/Programs/programs/STM32IDE/1/en.en-st-stm32cubeide_1-5-0_8698_20201117_1050_amd64_sh/makeself_dir_5QpOGP/y/plugins/com.st.stm32cube.ide.mcu.externaltools.gnu-tools-for-stm32.9-2020-q2-update.linux64_1.5.0.202011040924/tools/bin/../lib/gcc/arm-none-eabi/9.3.1/../../../../arm-none-eabi/lib/thumb/v7-m/nofp/libc_nano.a(lib_a-itoa.o)
                0x0000000008004a5c                __itoa
 .text.itoa     0x0000000008004a8c        0x4 /home/odemki/Programs/programs/STM32IDE/1/en.en-st-stm32cubeide_1-5-0_8698_20201117_1050_amd64_sh/makeself_dir_5QpOGP/y/plugins/com.st.stm32cube.ide.mcu.externaltools.gnu-tools-for-stm32.9-2020-q2-update.linux64_1.5.0.202011040924/tools/bin/../lib/gcc/arm-none-eabi/9.3.1/../../../../arm-none-eabi/lib/thumb/v7-m/nofp/libc_nano.a(lib_a-itoa.o)
                0x0000000008004a8c                itoa
 .text.memset   0x0000000008004a90       0x10 /home/odemki/Programs/programs/STM32IDE/1/en.en-st-stm32cubeide_1-5-0_8698_20201117_1050_amd64_sh/makeself_dir_5QpOGP/y/plugins/com.st.stm32cube.ide.mcu.externaltools.gnu-tools-for-stm32.9-2020-q2-update.linux64_1.5.0.202011040924/tools/bin/../lib/gcc/arm-none-eabi/9.3.1/../../../../arm-none-eabi/lib/thumb/v7-m/nofp/libc_nano.a(lib_a-memset.o)
                0x0000000008004a90                memset
 .text.strncpy  0x0000000008004aa0       0x26 /home/odemki/Programs/programs/STM32IDE/1/en.en-st-stm32cubeide_1-5-0_8698_20201117_1050_amd64_sh/makeself_dir_5QpOGP/y/plugins/com.st.stm32cube.ide.mcu.externaltools.gnu-tools-for-stm32.9-2020-q2-update.linux64_1.5.0.202011040924/tools/bin/../lib/gcc/arm-none-eabi/9.3.1/../../../../arm-none-eabi/lib/thumb/v7-m/nofp/libc_nano.a(lib_a-strncpy.o)
                0x0000000008004aa0                strncpy
 *fill*         0x0000000008004ac6        0x2 
 .text.__utoa   0x0000000008004ac8       0x84 /home/odemki/Programs/programs/STM32IDE/1/en.en-st-stm32cubeide_1-5-0_8698_20201117_1050_amd64_sh/makeself_dir_5QpOGP/y/plugins/com.st.stm32cube.ide.mcu.externaltools.gnu-tools-for-stm32.9-2020-q2-update.linux64_1.5.0.202011040924/tools/bin/../lib/gcc/arm-none-eabi/9.3.1/../../../../arm-none-eabi/lib/thumb/v7-m/nofp/libc_nano.a(lib_a-utoa.o)
                0x0000000008004ac8                __utoa
 *(.glue_7)
 .glue_7        0x0000000008004b4c        0x0 linker stubs
 *(.glue_7t)
 .glue_7t       0x0000000008004b4c        0x0 linker stubs
 *(.eh_frame)
 .eh_frame      0x0000000008004b4c        0x0 /home/odemki/Programs/programs/STM32IDE/1/en.en-st-stm32cubeide_1-5-0_8698_20201117_1050_amd64_sh/makeself_dir_5QpOGP/y/plugins/com.st.stm32cube.ide.mcu.externaltools.gnu-tools-for-stm32.9-2020-q2-update.linux64_1.5.0.202011040924/tools/bin/../lib/gcc/arm-none-eabi/9.3.1/thumb/v7-m/nofp/crtbegin.o
 *(.init)
 .init          0x0000000008004b4c        0x4 /home/odemki/Programs/programs/STM32IDE/1/en.en-st-stm32cubeide_1-5-0_8698_20201117_1050_amd64_sh/makeself_dir_5QpOGP/y/plugins/com.st.stm32cube.ide.mcu.externaltools.gnu-tools-for-stm32.9-2020-q2-update.linux64_1.5.0.202011040924/tools/bin/../lib/gcc/arm-none-eabi/9.3.1/thumb/v7-m/nofp/crti.o
                0x0000000008004b4c                _init
 .init          0x0000000008004b50        0x8 /home/odemki/Programs/programs/STM32IDE/1/en.en-st-stm32cubeide_1-5-0_8698_20201117_1050_amd64_sh/makeself_dir_5QpOGP/y/plugins/com.st.stm32cube.ide.mcu.externaltools.gnu-tools-for-stm32.9-2020-q2-update.linux64_1.5.0.202011040924/tools/bin/../lib/gcc/arm-none-eabi/9.3.1/thumb/v7-m/nofp/crtn.o
 *(.fini)
 .fini          0x0000000008004b58        0x4 /home/odemki/Programs/programs/STM32IDE/1/en.en-st-stm32cubeide_1-5-0_8698_20201117_1050_amd64_sh/makeself_dir_5QpOGP/y/plugins/com.st.stm32cube.ide.mcu.externaltools.gnu-tools-for-stm32.9-2020-q2-update.linux64_1.5.0.202011040924/tools/bin/../lib/gcc/arm-none-eabi/9.3.1/thumb/v7-m/nofp/crti.o
                0x0000000008004b58                _fini
 .fini          0x0000000008004b5c        0x8 /home/odemki/Programs/programs/STM32IDE/1/en.en-st-stm32cubeide_1-5-0_8698_20201117_1050_amd64_sh/makeself_dir_5QpOGP/y/plugins/com.st.stm32cube.ide.mcu.externaltools.gnu-tools-for-stm32.9-2020-q2-update.linux64_1.5.0.202011040924/tools/bin/../lib/gcc/arm-none-eabi/9.3.1/thumb/v7-m/nofp/crtn.o
                0x0000000008004b64                . = ALIGN (0x4)
                0x0000000008004b64                _etext = .

.vfp11_veneer   0x0000000008004b64        0x0
 .vfp11_veneer  0x0000000008004b64        0x0 linker stubs

.v4_bx          0x0000000008004b64        0x0
 .v4_bx         0x0000000008004b64        0x0 linker stubs

.iplt           0x0000000008004b64        0x0
 .iplt          0x0000000008004b64        0x0 /home/odemki/Programs/programs/STM32IDE/1/en.en-st-stm32cubeide_1-5-0_8698_20201117_1050_amd64_sh/makeself_dir_5QpOGP/y/plugins/com.st.stm32cube.ide.mcu.externaltools.gnu-tools-for-stm32.9-2020-q2-update.linux64_1.5.0.202011040924/tools/bin/../lib/gcc/arm-none-eabi/9.3.1/thumb/v7-m/nofp/crtbegin.o

.rodata         0x0000000008004b64      0x958
                0x0000000008004b64                . = ALIGN (0x4)
 *(.rodata)
 .rodata        0x0000000008004b64      0x19a Core/Src/menu/oled_simulation_menu.o
 *fill*         0x0000000008004cfe        0x2 
 .rodata        0x0000000008004d00       0x10 Drivers/STM32F1xx_HAL_Driver/Src/stm32f1xx_hal_rcc.o
 *(.rodata*)
 .rodata.AHBPrescTable
                0x0000000008004d10       0x10 Core/Src/system_stm32f1xx.o
                0x0000000008004d10                AHBPrescTable
 .rodata.APBPrescTable
                0x0000000008004d20        0x8 Core/Src/system_stm32f1xx.o
                0x0000000008004d20                APBPrescTable
 .rodata.Font7x10
                0x0000000008004d28      0x76c Core/Src/oled/fonts.o
 .rodata.__utoa.str1.1
                0x0000000008005494       0x25 /home/odemki/Programs/programs/STM32IDE/1/en.en-st-stm32cubeide_1-5-0_8698_20201117_1050_amd64_sh/makeself_dir_5QpOGP/y/plugins/com.st.stm32cube.ide.mcu.externaltools.gnu-tools-for-stm32.9-2020-q2-update.linux64_1.5.0.202011040924/tools/bin/../lib/gcc/arm-none-eabi/9.3.1/../../../../arm-none-eabi/lib/thumb/v7-m/nofp/libc_nano.a(lib_a-utoa.o)
                0x00000000080054bc                . = ALIGN (0x4)
 *fill*         0x00000000080054b9        0x3 

.rel.dyn        0x00000000080054bc        0x0
 .rel.iplt      0x00000000080054bc        0x0 /home/odemki/Programs/programs/STM32IDE/1/en.en-st-stm32cubeide_1-5-0_8698_20201117_1050_amd64_sh/makeself_dir_5QpOGP/y/plugins/com.st.stm32cube.ide.mcu.externaltools.gnu-tools-for-stm32.9-2020-q2-update.linux64_1.5.0.202011040924/tools/bin/../lib/gcc/arm-none-eabi/9.3.1/thumb/v7-m/nofp/crtbegin.o

.ARM.extab      0x00000000080054bc        0x0
                0x00000000080054bc                . = ALIGN (0x4)
 *(.ARM.extab* .gnu.linkonce.armextab.*)
                0x00000000080054bc                . = ALIGN (0x4)

.ARM            0x00000000080054bc        0x0
                0x00000000080054bc                . = ALIGN (0x4)
                0x00000000080054bc                __exidx_start = .
 *(.ARM.exidx*)
                0x00000000080054bc                __exidx_end = .
                0x00000000080054bc                . = ALIGN (0x4)

.preinit_array  0x00000000080054bc        0x0
                0x00000000080054bc                . = ALIGN (0x4)
                0x00000000080054bc                PROVIDE (__preinit_array_start = .)
 *(.preinit_array*)
                0x00000000080054bc                PROVIDE (__preinit_array_end = .)
                0x00000000080054bc                . = ALIGN (0x4)

.init_array     0x00000000080054bc        0x4
                0x00000000080054bc                . = ALIGN (0x4)
                0x00000000080054bc                PROVIDE (__init_array_start = .)
 *(SORT_BY_NAME(.init_array.*))
 *(.init_array*)
 .init_array    0x00000000080054bc        0x4 /home/odemki/Programs/programs/STM32IDE/1/en.en-st-stm32cubeide_1-5-0_8698_20201117_1050_amd64_sh/makeself_dir_5QpOGP/y/plugins/com.st.stm32cube.ide.mcu.externaltools.gnu-tools-for-stm32.9-2020-q2-update.linux64_1.5.0.202011040924/tools/bin/../lib/gcc/arm-none-eabi/9.3.1/thumb/v7-m/nofp/crtbegin.o
                0x00000000080054c0                PROVIDE (__init_array_end = .)
                0x00000000080054c0                . = ALIGN (0x4)

.fini_array     0x00000000080054c0        0x4
                0x00000000080054c0                . = ALIGN (0x4)
                [!provide]                        PROVIDE (__fini_array_start = .)
 *(SORT_BY_NAME(.fini_array.*))
 *(.fini_array*)
 .fini_array    0x00000000080054c0        0x4 /home/odemki/Programs/programs/STM32IDE/1/en.en-st-stm32cubeide_1-5-0_8698_20201117_1050_amd64_sh/makeself_dir_5QpOGP/y/plugins/com.st.stm32cube.ide.mcu.externaltools.gnu-tools-for-stm32.9-2020-q2-update.linux64_1.5.0.202011040924/tools/bin/../lib/gcc/arm-none-eabi/9.3.1/thumb/v7-m/nofp/crtbegin.o
                [!provide]                        PROVIDE (__fini_array_end = .)
                0x00000000080054c4                . = ALIGN (0x4)
                0x00000000080054c4                _sidata = LOADADDR (.data)

.data           0x0000000020000000       0x34 load address 0x00000000080054c4
                0x0000000020000000                . = ALIGN (0x4)
                0x0000000020000000                _sdata = .
 *(.data)
 *(.data*)
 .data.doesent_detected
                0x0000000020000000        0x1 Core/Src/stm32f1xx_it.o
                0x0000000020000000                doesent_detected
 .data.dalay_duration
                0x0000000020000001        0x1 Core/Src/stm32f1xx_it.o
                0x0000000020000001                dalay_duration
 *fill*         0x0000000020000002        0x2 
 .data.button_processed_status
                0x0000000020000004        0x4 Core/Src/stm32f1xx_it.o
                0x0000000020000004                button_processed_status
 .data.SystemCoreClock
                0x0000000020000008        0x4 Core/Src/system_stm32f1xx.o
                0x0000000020000008                SystemCoreClock
 .data.currentItem
                0x000000002000000c        0x4 Core/Src/menu/oled_simulation_menu.o
                0x000000002000000c                currentItem
 .data.str_pointer
                0x0000000020000010        0x4 Core/Src/menu/oled_simulation_menu.o
                0x0000000020000010                str_pointer
 .data.first_menu_row
                0x0000000020000014        0x2 Core/Src/menu/oled_simulation_menu.o
                0x0000000020000014                first_menu_row
 .data.second_menu_row
                0x0000000020000016        0x2 Core/Src/menu/oled_simulation_menu.o
                0x0000000020000016                second_menu_row
 .data.third_menu_row
                0x0000000020000018        0x2 Core/Src/menu/oled_simulation_menu.o
                0x0000000020000018                third_menu_row
 .data.fourth_menu_row
                0x000000002000001a        0x2 Core/Src/menu/oled_simulation_menu.o
                0x000000002000001a                fourth_menu_row
 .data.row_step
                0x000000002000001c        0x1 Core/Src/menu/oled_simulation_menu.o
                0x000000002000001c                row_step
 *fill*         0x000000002000001d        0x1 
 .data.start_print_id_menu_x
                0x000000002000001e        0x2 Core/Src/menu/oled_simulation_menu.o
                0x000000002000001e                start_print_id_menu_x
 .data.start_print_name_menu_x
                0x0000000020000020        0x2 Core/Src/menu/oled_simulation_menu.o
                0x0000000020000020                start_print_name_menu_x
 *fill*         0x0000000020000022        0x2 
 .data.Font_7x10
                0x0000000020000024        0x8 Core/Src/oled/fonts.o
                0x0000000020000024                Font_7x10
 .data.uwTickPrio
                0x000000002000002c        0x4 Drivers/STM32F1xx_HAL_Driver/Src/stm32f1xx_hal.o
                0x000000002000002c                uwTickPrio
 .data.uwTickFreq
                0x0000000020000030        0x1 Drivers/STM32F1xx_HAL_Driver/Src/stm32f1xx_hal.o
                0x0000000020000030                uwTickFreq
 *(.RamFunc)
 *(.RamFunc*)
                0x0000000020000034                . = ALIGN (0x4)
 *fill*         0x0000000020000031        0x3 
                0x0000000020000034                _edata = .

.igot.plt       0x0000000020000034        0x0 load address 0x00000000080054f8
 .igot.plt      0x0000000020000034        0x0 /home/odemki/Programs/programs/STM32IDE/1/en.en-st-stm32cubeide_1-5-0_8698_20201117_1050_amd64_sh/makeself_dir_5QpOGP/y/plugins/com.st.stm32cube.ide.mcu.externaltools.gnu-tools-for-stm32.9-2020-q2-update.linux64_1.5.0.202011040924/tools/bin/../lib/gcc/arm-none-eabi/9.3.1/thumb/v7-m/nofp/crtbegin.o
                0x0000000020000034                . = ALIGN (0x4)

.bss            0x0000000020000034      0x898 load address 0x00000000080054f8
                0x0000000020000034                _sbss = .
                0x0000000020000034                __bss_start__ = _sbss
 *(.bss)
 .bss           0x0000000020000034       0x1c /home/odemki/Programs/programs/STM32IDE/1/en.en-st-stm32cubeide_1-5-0_8698_20201117_1050_amd64_sh/makeself_dir_5QpOGP/y/plugins/com.st.stm32cube.ide.mcu.externaltools.gnu-tools-for-stm32.9-2020-q2-update.linux64_1.5.0.202011040924/tools/bin/../lib/gcc/arm-none-eabi/9.3.1/thumb/v7-m/nofp/crtbegin.o
 *(.bss*)
 .bss.delay_time
                0x0000000020000050        0x4 Core/Src/stm32f1xx_it.o
                0x0000000020000050                delay_time
 .bss.block_interrupt_form_up_and_down_buttons
                0x0000000020000054        0x1 Core/Src/menu/oled_simulation_menu.o
                0x0000000020000054                block_interrupt_form_up_and_down_buttons
 .bss.button_status
                0x0000000020000055        0x1 Core/Src/menu/oled_simulation_menu.o
                0x0000000020000055                button_status
 *fill*         0x0000000020000056        0x2 
 .bss.SSD1306_Buffer
                0x0000000020000058      0x400 Core/Src/oled/ssd1306.o
 .bss.SSD1306   0x0000000020000458        0x6 Core/Src/oled/ssd1306.o
 *(COMMON)
 *fill*         0x000000002000045e        0x2 
 COMMON         0x0000000020000460       0x9c Core/Src/main.o
                0x0000000020000460                hi2c1
                0x00000000200004b4                htim1
 COMMON         0x00000000200004fc      0x3cc Core/Src/menu/oled_simulation_menu.o
                0x00000000200004fc                items_menu_2
                0x0000000020000568                items_menu_4
                0x00000000200006d0                items_menu_1
                0x0000000020000784                items_menu_3
                0x00000000200007cc                items
 COMMON         0x00000000200008c8        0x4 Drivers/STM32F1xx_HAL_Driver/Src/stm32f1xx_hal.o
                0x00000000200008c8                uwTick
                0x00000000200008cc                . = ALIGN (0x4)
                0x00000000200008cc                _ebss = .
                0x00000000200008cc                __bss_end__ = _ebss

._user_heap_stack
                0x00000000200008cc      0x604 load address 0x00000000080054f8
                0x00000000200008d0                . = ALIGN (0x8)
 *fill*         0x00000000200008cc        0x4 
                [!provide]                        PROVIDE (end = .)
                0x00000000200008d0                PROVIDE (_end = .)
                0x0000000020000ad0                . = (. + _Min_Heap_Size)
 *fill*         0x00000000200008d0      0x200 
                0x0000000020000ed0                . = (. + _Min_Stack_Size)
 *fill*         0x0000000020000ad0      0x400 
                0x0000000020000ed0                . = ALIGN (0x8)

/DISCARD/
 libc.a(*)
 libm.a(*)
 libgcc.a(*)

.ARM.attributes
                0x0000000000000000       0x29
 *(.ARM.attributes)
 .ARM.attributes
                0x0000000000000000       0x1d /home/odemki/Programs/programs/STM32IDE/1/en.en-st-stm32cubeide_1-5-0_8698_20201117_1050_amd64_sh/makeself_dir_5QpOGP/y/plugins/com.st.stm32cube.ide.mcu.externaltools.gnu-tools-for-stm32.9-2020-q2-update.linux64_1.5.0.202011040924/tools/bin/../lib/gcc/arm-none-eabi/9.3.1/thumb/v7-m/nofp/crti.o
 .ARM.attributes
                0x000000000000001d       0x2d /home/odemki/Programs/programs/STM32IDE/1/en.en-st-stm32cubeide_1-5-0_8698_20201117_1050_amd64_sh/makeself_dir_5QpOGP/y/plugins/com.st.stm32cube.ide.mcu.externaltools.gnu-tools-for-stm32.9-2020-q2-update.linux64_1.5.0.202011040924/tools/bin/../lib/gcc/arm-none-eabi/9.3.1/thumb/v7-m/nofp/crtbegin.o
 .ARM.attributes
                0x000000000000004a       0x2d Core/Src/main.o
 .ARM.attributes
                0x0000000000000077       0x2d Core/Src/stm32f1xx_hal_msp.o
 .ARM.attributes
                0x00000000000000a4       0x2d Core/Src/stm32f1xx_it.o
 .ARM.attributes
                0x00000000000000d1       0x2d Core/Src/system_stm32f1xx.o
 .ARM.attributes
                0x00000000000000fe       0x2d Core/Src/menu/oled_simulation_menu.o
 .ARM.attributes
                0x000000000000012b       0x33 Core/Src/oled/fonts.o
 .ARM.attributes
                0x000000000000015e       0x2d Core/Src/oled/oled_main.o
 .ARM.attributes
                0x000000000000018b       0x2d Core/Src/oled/ssd1306.o
 .ARM.attributes
                0x00000000000001b8       0x21 Core/Startup/startup_stm32f103c8tx.o
 .ARM.attributes
                0x00000000000001d9       0x2d Drivers/STM32F1xx_HAL_Driver/Src/stm32f1xx_hal.o
 .ARM.attributes
                0x0000000000000206       0x2d Drivers/STM32F1xx_HAL_Driver/Src/stm32f1xx_hal_cortex.o
 .ARM.attributes
                0x0000000000000233       0x2d Drivers/STM32F1xx_HAL_Driver/Src/stm32f1xx_hal_gpio.o
 .ARM.attributes
                0x0000000000000260       0x2d Drivers/STM32F1xx_HAL_Driver/Src/stm32f1xx_hal_i2c.o
 .ARM.attributes
                0x000000000000028d       0x2d Drivers/STM32F1xx_HAL_Driver/Src/stm32f1xx_hal_rcc.o
 .ARM.attributes
                0x00000000000002ba       0x2d Drivers/STM32F1xx_HAL_Driver/Src/stm32f1xx_hal_tim.o
 .ARM.attributes
                0x00000000000002e7       0x2d Drivers/STM32F1xx_HAL_Driver/Src/stm32f1xx_hal_tim_ex.o
 .ARM.attributes
                0x0000000000000314       0x2d /home/odemki/Programs/programs/STM32IDE/1/en.en-st-stm32cubeide_1-5-0_8698_20201117_1050_amd64_sh/makeself_dir_5QpOGP/y/plugins/com.st.stm32cube.ide.mcu.externaltools.gnu-tools-for-stm32.9-2020-q2-update.linux64_1.5.0.202011040924/tools/bin/../lib/gcc/arm-none-eabi/9.3.1/../../../../arm-none-eabi/lib/thumb/v7-m/nofp/libc_nano.a(lib_a-init.o)
 .ARM.attributes
                0x0000000000000341       0x2d /home/odemki/Programs/programs/STM32IDE/1/en.en-st-stm32cubeide_1-5-0_8698_20201117_1050_amd64_sh/makeself_dir_5QpOGP/y/plugins/com.st.stm32cube.ide.mcu.externaltools.gnu-tools-for-stm32.9-2020-q2-update.linux64_1.5.0.202011040924/tools/bin/../lib/gcc/arm-none-eabi/9.3.1/../../../../arm-none-eabi/lib/thumb/v7-m/nofp/libc_nano.a(lib_a-itoa.o)
 .ARM.attributes
                0x000000000000036e       0x2d /home/odemki/Programs/programs/STM32IDE/1/en.en-st-stm32cubeide_1-5-0_8698_20201117_1050_amd64_sh/makeself_dir_5QpOGP/y/plugins/com.st.stm32cube.ide.mcu.externaltools.gnu-tools-for-stm32.9-2020-q2-update.linux64_1.5.0.202011040924/tools/bin/../lib/gcc/arm-none-eabi/9.3.1/../../../../arm-none-eabi/lib/thumb/v7-m/nofp/libc_nano.a(lib_a-memset.o)
 .ARM.attributes
                0x000000000000039b       0x2d /home/odemki/Programs/programs/STM32IDE/1/en.en-st-stm32cubeide_1-5-0_8698_20201117_1050_amd64_sh/makeself_dir_5QpOGP/y/plugins/com.st.stm32cube.ide.mcu.externaltools.gnu-tools-for-stm32.9-2020-q2-update.linux64_1.5.0.202011040924/tools/bin/../lib/gcc/arm-none-eabi/9.3.1/../../../../arm-none-eabi/lib/thumb/v7-m/nofp/libc_nano.a(lib_a-strncpy.o)
 .ARM.attributes
                0x00000000000003c8       0x2d /home/odemki/Programs/programs/STM32IDE/1/en.en-st-stm32cubeide_1-5-0_8698_20201117_1050_amd64_sh/makeself_dir_5QpOGP/y/plugins/com.st.stm32cube.ide.mcu.externaltools.gnu-tools-for-stm32.9-2020-q2-update.linux64_1.5.0.202011040924/tools/bin/../lib/gcc/arm-none-eabi/9.3.1/../../../../arm-none-eabi/lib/thumb/v7-m/nofp/libc_nano.a(lib_a-utoa.o)
 .ARM.attributes
                0x00000000000003f5       0x1d /home/odemki/Programs/programs/STM32IDE/1/en.en-st-stm32cubeide_1-5-0_8698_20201117_1050_amd64_sh/makeself_dir_5QpOGP/y/plugins/com.st.stm32cube.ide.mcu.externaltools.gnu-tools-for-stm32.9-2020-q2-update.linux64_1.5.0.202011040924/tools/bin/../lib/gcc/arm-none-eabi/9.3.1/thumb/v7-m/nofp/crtn.o
OUTPUT(MENU_OLED.elf elf32-littlearm)
LOAD linker stubs
LOAD /home/odemki/Programs/programs/STM32IDE/1/en.en-st-stm32cubeide_1-5-0_8698_20201117_1050_amd64_sh/makeself_dir_5QpOGP/y/plugins/com.st.stm32cube.ide.mcu.externaltools.gnu-tools-for-stm32.9-2020-q2-update.linux64_1.5.0.202011040924/tools/bin/../lib/gcc/arm-none-eabi/9.3.1/../../../../arm-none-eabi/lib/thumb/v7-m/nofp/libc.a
LOAD /home/odemki/Programs/programs/STM32IDE/1/en.en-st-stm32cubeide_1-5-0_8698_20201117_1050_amd64_sh/makeself_dir_5QpOGP/y/plugins/com.st.stm32cube.ide.mcu.externaltools.gnu-tools-for-stm32.9-2020-q2-update.linux64_1.5.0.202011040924/tools/bin/../lib/gcc/arm-none-eabi/9.3.1/../../../../arm-none-eabi/lib/thumb/v7-m/nofp/libm.a
LOAD /home/odemki/Programs/programs/STM32IDE/1/en.en-st-stm32cubeide_1-5-0_8698_20201117_1050_amd64_sh/makeself_dir_5QpOGP/y/plugins/com.st.stm32cube.ide.mcu.externaltools.gnu-tools-for-stm32.9-2020-q2-update.linux64_1.5.0.202011040924/tools/bin/../lib/gcc/arm-none-eabi/9.3.1/thumb/v7-m/nofp/libgcc.a

.debug_info     0x0000000000000000     0xf93d
 .debug_info    0x0000000000000000     0x1049 Core/Src/main.o
 .debug_info    0x0000000000001049      0xe46 Core/Src/stm32f1xx_hal_msp.o
 .debug_info    0x0000000000001e8f      0x94f Core/Src/stm32f1xx_it.o
 .debug_info    0x00000000000027de      0x2be Core/Src/system_stm32f1xx.o
 .debug_info    0x0000000000002a9c     0x1e27 Core/Src/menu/oled_simulation_menu.o
 .debug_info    0x00000000000048c3      0xb43 Core/Src/oled/fonts.o
 .debug_info    0x0000000000005406      0x730 Core/Src/oled/oled_main.o
 .debug_info    0x0000000000005b36     0x1468 Core/Src/oled/ssd1306.o
 .debug_info    0x0000000000006f9e       0x22 Core/Startup/startup_stm32f103c8tx.o
 .debug_info    0x0000000000006fc0      0x76a Drivers/STM32F1xx_HAL_Driver/Src/stm32f1xx_hal.o
 .debug_info    0x000000000000772a      0xbdc Drivers/STM32F1xx_HAL_Driver/Src/stm32f1xx_hal_cortex.o
 .debug_info    0x0000000000008306      0x701 Drivers/STM32F1xx_HAL_Driver/Src/stm32f1xx_hal_gpio.o
 .debug_info    0x0000000000008a07     0x278e Drivers/STM32F1xx_HAL_Driver/Src/stm32f1xx_hal_i2c.o
 .debug_info    0x000000000000b195      0x88e Drivers/STM32F1xx_HAL_Driver/Src/stm32f1xx_hal_rcc.o
 .debug_info    0x000000000000ba23     0x2a45 Drivers/STM32F1xx_HAL_Driver/Src/stm32f1xx_hal_tim.o
 .debug_info    0x000000000000e468     0x14d5 Drivers/STM32F1xx_HAL_Driver/Src/stm32f1xx_hal_tim_ex.o

.debug_abbrev   0x0000000000000000     0x20c0
 .debug_abbrev  0x0000000000000000      0x24b Core/Src/main.o
 .debug_abbrev  0x000000000000024b      0x1c8 Core/Src/stm32f1xx_hal_msp.o
 .debug_abbrev  0x0000000000000413      0x1a3 Core/Src/stm32f1xx_it.o
 .debug_abbrev  0x00000000000005b6      0x14e Core/Src/system_stm32f1xx.o
 .debug_abbrev  0x0000000000000704      0x308 Core/Src/menu/oled_simulation_menu.o
 .debug_abbrev  0x0000000000000a0c      0x1c2 Core/Src/oled/fonts.o
 .debug_abbrev  0x0000000000000bce      0x149 Core/Src/oled/oled_main.o
 .debug_abbrev  0x0000000000000d17      0x2f0 Core/Src/oled/ssd1306.o
 .debug_abbrev  0x0000000000001007       0x12 Core/Startup/startup_stm32f103c8tx.o
 .debug_abbrev  0x0000000000001019      0x1ed Drivers/STM32F1xx_HAL_Driver/Src/stm32f1xx_hal.o
 .debug_abbrev  0x0000000000001206      0x313 Drivers/STM32F1xx_HAL_Driver/Src/stm32f1xx_hal_cortex.o
 .debug_abbrev  0x0000000000001519      0x1e8 Drivers/STM32F1xx_HAL_Driver/Src/stm32f1xx_hal_gpio.o
 .debug_abbrev  0x0000000000001701      0x288 Drivers/STM32F1xx_HAL_Driver/Src/stm32f1xx_hal_i2c.o
 .debug_abbrev  0x0000000000001989      0x273 Drivers/STM32F1xx_HAL_Driver/Src/stm32f1xx_hal_rcc.o
 .debug_abbrev  0x0000000000001bfc      0x25e Drivers/STM32F1xx_HAL_Driver/Src/stm32f1xx_hal_tim.o
 .debug_abbrev  0x0000000000001e5a      0x266 Drivers/STM32F1xx_HAL_Driver/Src/stm32f1xx_hal_tim_ex.o

.debug_aranges  0x0000000000000000      0xda8
 .debug_aranges
                0x0000000000000000       0x48 Core/Src/main.o
 .debug_aranges
                0x0000000000000048       0x40 Core/Src/stm32f1xx_hal_msp.o
 .debug_aranges
                0x0000000000000088       0x78 Core/Src/stm32f1xx_it.o
 .debug_aranges
                0x0000000000000100       0x28 Core/Src/system_stm32f1xx.o
 .debug_aranges
                0x0000000000000128      0x100 Core/Src/menu/oled_simulation_menu.o
 .debug_aranges
                0x0000000000000228       0x18 Core/Src/oled/fonts.o
 .debug_aranges
                0x0000000000000240       0x28 Core/Src/oled/oled_main.o
 .debug_aranges
                0x0000000000000268       0x78 Core/Src/oled/ssd1306.o
 .debug_aranges
                0x00000000000002e0       0x28 Core/Startup/startup_stm32f103c8tx.o
 .debug_aranges
                0x0000000000000308       0xe0 Drivers/STM32F1xx_HAL_Driver/Src/stm32f1xx_hal.o
 .debug_aranges
                0x00000000000003e8      0x100 Drivers/STM32F1xx_HAL_Driver/Src/stm32f1xx_hal_cortex.o
 .debug_aranges
                0x00000000000004e8       0x58 Drivers/STM32F1xx_HAL_Driver/Src/stm32f1xx_hal_gpio.o
 .debug_aranges
                0x0000000000000540      0x2a0 Drivers/STM32F1xx_HAL_Driver/Src/stm32f1xx_hal_i2c.o
 .debug_aranges
                0x00000000000007e0       0x90 Drivers/STM32F1xx_HAL_Driver/Src/stm32f1xx_hal_rcc.o
 .debug_aranges
                0x0000000000000870      0x3d0 Drivers/STM32F1xx_HAL_Driver/Src/stm32f1xx_hal_tim.o
 .debug_aranges
                0x0000000000000c40      0x168 Drivers/STM32F1xx_HAL_Driver/Src/stm32f1xx_hal_tim_ex.o

.debug_ranges   0x0000000000000000      0xd00
 .debug_ranges  0x0000000000000000       0x38 Core/Src/main.o
 .debug_ranges  0x0000000000000038       0x30 Core/Src/stm32f1xx_hal_msp.o
 .debug_ranges  0x0000000000000068       0x68 Core/Src/stm32f1xx_it.o
 .debug_ranges  0x00000000000000d0       0x18 Core/Src/system_stm32f1xx.o
 .debug_ranges  0x00000000000000e8      0x120 Core/Src/menu/oled_simulation_menu.o
 .debug_ranges  0x0000000000000208       0x18 Core/Src/oled/oled_main.o
 .debug_ranges  0x0000000000000220       0x68 Core/Src/oled/ssd1306.o
 .debug_ranges  0x0000000000000288       0x20 Core/Startup/startup_stm32f103c8tx.o
 .debug_ranges  0x00000000000002a8       0xd0 Drivers/STM32F1xx_HAL_Driver/Src/stm32f1xx_hal.o
 .debug_ranges  0x0000000000000378       0xf0 Drivers/STM32F1xx_HAL_Driver/Src/stm32f1xx_hal_cortex.o
 .debug_ranges  0x0000000000000468       0x48 Drivers/STM32F1xx_HAL_Driver/Src/stm32f1xx_hal_gpio.o
 .debug_ranges  0x00000000000004b0      0x2b8 Drivers/STM32F1xx_HAL_Driver/Src/stm32f1xx_hal_i2c.o
 .debug_ranges  0x0000000000000768       0x80 Drivers/STM32F1xx_HAL_Driver/Src/stm32f1xx_hal_rcc.o
 .debug_ranges  0x00000000000007e8      0x3c0 Drivers/STM32F1xx_HAL_Driver/Src/stm32f1xx_hal_tim.o
 .debug_ranges  0x0000000000000ba8      0x158 Drivers/STM32F1xx_HAL_Driver/Src/stm32f1xx_hal_tim_ex.o

.debug_macro    0x0000000000000000    0x17c27
 .debug_macro   0x0000000000000000      0x1e6 Core/Src/main.o
 .debug_macro   0x00000000000001e6      0xa9c Core/Src/main.o
 .debug_macro   0x0000000000000c82      0x21b Core/Src/main.o
 .debug_macro   0x0000000000000e9d       0x2e Core/Src/main.o
 .debug_macro   0x0000000000000ecb       0x22 Core/Src/main.o
 .debug_macro   0x0000000000000eed       0x22 Core/Src/main.o
 .debug_macro   0x0000000000000f0f       0x8e Core/Src/main.o
 .debug_macro   0x0000000000000f9d       0x51 Core/Src/main.o
 .debug_macro   0x0000000000000fee      0x103 Core/Src/main.o
 .debug_macro   0x00000000000010f1       0x6a Core/Src/main.o
 .debug_macro   0x000000000000115b      0x1df Core/Src/main.o
 .debug_macro   0x000000000000133a       0x1c Core/Src/main.o
 .debug_macro   0x0000000000001356       0x22 Core/Src/main.o
 .debug_macro   0x0000000000001378       0xc3 Core/Src/main.o
 .debug_macro   0x000000000000143b      0xd23 Core/Src/main.o
 .debug_macro   0x000000000000215e     0xe09e Core/Src/main.o
 .debug_macro   0x00000000000101fc       0x6d Core/Src/main.o
 .debug_macro   0x0000000000010269     0x3468 Core/Src/main.o
 .debug_macro   0x00000000000136d1      0x174 Core/Src/main.o
 .debug_macro   0x0000000000013845       0x5c Core/Src/main.o
 .debug_macro   0x00000000000138a1      0x5be Core/Src/main.o
 .debug_macro   0x0000000000013e5f      0x289 Core/Src/main.o
 .debug_macro   0x00000000000140e8      0x1cb Core/Src/main.o
 .debug_macro   0x00000000000142b3      0x114 Core/Src/main.o
 .debug_macro   0x00000000000143c7      0x1b2 Core/Src/main.o
 .debug_macro   0x0000000000014579       0x27 Core/Src/main.o
 .debug_macro   0x00000000000145a0      0x136 Core/Src/main.o
 .debug_macro   0x00000000000146d6      0x1bc Core/Src/main.o
 .debug_macro   0x0000000000014892       0x34 Core/Src/main.o
 .debug_macro   0x00000000000148c6       0x3c Core/Src/main.o
 .debug_macro   0x0000000000014902       0x57 Core/Src/main.o
 .debug_macro   0x0000000000014959       0x88 Core/Src/main.o
 .debug_macro   0x00000000000149e1      0x241 Core/Src/main.o
 .debug_macro   0x0000000000014c22      0x287 Core/Src/main.o
 .debug_macro   0x0000000000014ea9      0x141 Core/Src/main.o
 .debug_macro   0x0000000000014fea      0x8d1 Core/Src/main.o
 .debug_macro   0x00000000000158bb       0x83 Core/Src/main.o
 .debug_macro   0x000000000001593e       0x22 Core/Src/main.o
 .debug_macro   0x0000000000015960       0x22 Core/Src/main.o
 .debug_macro   0x0000000000015982       0x22 Core/Src/main.o
 .debug_macro   0x00000000000159a4      0x1b6 Core/Src/stm32f1xx_hal_msp.o
 .debug_macro   0x0000000000015b5a      0x1cf Core/Src/stm32f1xx_it.o
 .debug_macro   0x0000000000015d29      0x1a3 Core/Src/system_stm32f1xx.o
 .debug_macro   0x0000000000015ecc      0x397 Core/Src/menu/oled_simulation_menu.o
 .debug_macro   0x0000000000016263       0x52 Core/Src/menu/oled_simulation_menu.o
 .debug_macro   0x00000000000162b5       0x16 Core/Src/menu/oled_simulation_menu.o
 .debug_macro   0x00000000000162cb      0x333 Core/Src/menu/oled_simulation_menu.o
 .debug_macro   0x00000000000165fe      0x31f Core/Src/oled/fonts.o
 .debug_macro   0x000000000001691d      0x1d3 Core/Src/oled/oled_main.o
 .debug_macro   0x0000000000016af0      0x2de Core/Src/oled/ssd1306.o
 .debug_macro   0x0000000000016dce       0x1c Core/Src/oled/ssd1306.o
 .debug_macro   0x0000000000016dea      0x1a9 Core/Src/oled/ssd1306.o
 .debug_macro   0x0000000000016f93       0x16 Core/Src/oled/ssd1306.o
 .debug_macro   0x0000000000016fa9       0x20 Core/Src/oled/ssd1306.o
 .debug_macro   0x0000000000016fc9      0x1c7 Drivers/STM32F1xx_HAL_Driver/Src/stm32f1xx_hal.o
 .debug_macro   0x0000000000017190      0x1a3 Drivers/STM32F1xx_HAL_Driver/Src/stm32f1xx_hal_cortex.o
 .debug_macro   0x0000000000017333      0x20e Drivers/STM32F1xx_HAL_Driver/Src/stm32f1xx_hal_gpio.o
 .debug_macro   0x0000000000017541      0x1ea Drivers/STM32F1xx_HAL_Driver/Src/stm32f1xx_hal_i2c.o
 .debug_macro   0x000000000001772b      0x1b5 Drivers/STM32F1xx_HAL_Driver/Src/stm32f1xx_hal_rcc.o
 .debug_macro   0x00000000000178e0      0x1a4 Drivers/STM32F1xx_HAL_Driver/Src/stm32f1xx_hal_tim.o
 .debug_macro   0x0000000000017a84      0x1a3 Drivers/STM32F1xx_HAL_Driver/Src/stm32f1xx_hal_tim_ex.o

.debug_line     0x0000000000000000    0x11392
 .debug_line    0x0000000000000000      0x993 Core/Src/main.o
 .debug_line    0x0000000000000993      0x85f Core/Src/stm32f1xx_hal_msp.o
 .debug_line    0x00000000000011f2      0x9aa Core/Src/stm32f1xx_it.o
 .debug_line    0x0000000000001b9c      0x84a Core/Src/system_stm32f1xx.o
 .debug_line    0x00000000000023e6     0x1616 Core/Src/menu/oled_simulation_menu.o
 .debug_line    0x00000000000039fc      0xa0a Core/Src/oled/fonts.o
 .debug_line    0x0000000000004406      0x829 Core/Src/oled/oled_main.o
 .debug_line    0x0000000000004c2f      0xd53 Core/Src/oled/ssd1306.o
 .debug_line    0x0000000000005982       0x87 Core/Startup/startup_stm32f103c8tx.o
 .debug_line    0x0000000000005a09      0xa77 Drivers/STM32F1xx_HAL_Driver/Src/stm32f1xx_hal.o
 .debug_line    0x0000000000006480      0xc5f Drivers/STM32F1xx_HAL_Driver/Src/stm32f1xx_hal_cortex.o
 .debug_line    0x00000000000070df      0xb0e Drivers/STM32F1xx_HAL_Driver/Src/stm32f1xx_hal_gpio.o
 .debug_line    0x0000000000007bed     0x3b61 Drivers/STM32F1xx_HAL_Driver/Src/stm32f1xx_hal_i2c.o
 .debug_line    0x000000000000b74e      0xe85 Drivers/STM32F1xx_HAL_Driver/Src/stm32f1xx_hal_rcc.o
 .debug_line    0x000000000000c5d3     0x3420 Drivers/STM32F1xx_HAL_Driver/Src/stm32f1xx_hal_tim.o
 .debug_line    0x000000000000f9f3     0x199f Drivers/STM32F1xx_HAL_Driver/Src/stm32f1xx_hal_tim_ex.o

.debug_str      0x0000000000000000    0x8b78d
 .debug_str     0x0000000000000000    0x83af8 Core/Src/main.o
                                      0x83fb4 (size before relaxing)
 .debug_str     0x0000000000083af8       0xb7 Core/Src/stm32f1xx_hal_msp.o
                                      0x83c9c (size before relaxing)
 .debug_str     0x0000000000083baf      0x1a0 Core/Src/stm32f1xx_it.o
                                      0x83840 (size before relaxing)
 .debug_str     0x0000000000083d4f       0x52 Core/Src/system_stm32f1xx.o
                                      0x83187 (size before relaxing)
 .debug_str     0x0000000000083da1     0x45cc Core/Src/menu/oled_simulation_menu.o
                                      0x87fc7 (size before relaxing)
 .debug_str     0x000000000008836d       0x36 Core/Src/oled/fonts.o
                                      0x872a2 (size before relaxing)
 .debug_str     0x00000000000883a3       0x33 Core/Src/oled/oled_main.o
                                      0x836c4 (size before relaxing)
 .debug_str     0x00000000000883d6      0xa18 Core/Src/oled/ssd1306.o
                                      0x87356 (size before relaxing)
 .debug_str     0x0000000000088dee       0x36 Core/Startup/startup_stm32f103c8tx.o
                                         0x7c (size before relaxing)
 .debug_str     0x0000000000088e24      0x304 Drivers/STM32F1xx_HAL_Driver/Src/stm32f1xx_hal.o
                                      0x83818 (size before relaxing)
 .debug_str     0x0000000000089128      0x300 Drivers/STM32F1xx_HAL_Driver/Src/stm32f1xx_hal_cortex.o
                                      0x83820 (size before relaxing)
 .debug_str     0x0000000000089428      0x307 Drivers/STM32F1xx_HAL_Driver/Src/stm32f1xx_hal_gpio.o
                                      0x8354b (size before relaxing)
 .debug_str     0x000000000008972f      0xb41 Drivers/STM32F1xx_HAL_Driver/Src/stm32f1xx_hal_i2c.o
                                      0x841c3 (size before relaxing)
 .debug_str     0x000000000008a270      0x244 Drivers/STM32F1xx_HAL_Driver/Src/stm32f1xx_hal_rcc.o
                                      0x83584 (size before relaxing)
 .debug_str     0x000000000008a4b4      0xdeb Drivers/STM32F1xx_HAL_Driver/Src/stm32f1xx_hal_tim.o
                                      0x84556 (size before relaxing)
 .debug_str     0x000000000008b29f      0x4ee Drivers/STM32F1xx_HAL_Driver/Src/stm32f1xx_hal_tim_ex.o
                                      0x83d07 (size before relaxing)

.comment        0x0000000000000000       0x53
 .comment       0x0000000000000000       0x53 Core/Src/main.o
                                         0x54 (size before relaxing)
 .comment       0x0000000000000053       0x54 Core/Src/stm32f1xx_hal_msp.o
 .comment       0x0000000000000053       0x54 Core/Src/stm32f1xx_it.o
 .comment       0x0000000000000053       0x54 Core/Src/system_stm32f1xx.o
 .comment       0x0000000000000053       0x54 Core/Src/menu/oled_simulation_menu.o
 .comment       0x0000000000000053       0x54 Core/Src/oled/fonts.o
 .comment       0x0000000000000053       0x54 Core/Src/oled/oled_main.o
 .comment       0x0000000000000053       0x54 Core/Src/oled/ssd1306.o
 .comment       0x0000000000000053       0x54 Drivers/STM32F1xx_HAL_Driver/Src/stm32f1xx_hal.o
 .comment       0x0000000000000053       0x54 Drivers/STM32F1xx_HAL_Driver/Src/stm32f1xx_hal_cortex.o
 .comment       0x0000000000000053       0x54 Drivers/STM32F1xx_HAL_Driver/Src/stm32f1xx_hal_gpio.o
 .comment       0x0000000000000053       0x54 Drivers/STM32F1xx_HAL_Driver/Src/stm32f1xx_hal_i2c.o
 .comment       0x0000000000000053       0x54 Drivers/STM32F1xx_HAL_Driver/Src/stm32f1xx_hal_rcc.o
 .comment       0x0000000000000053       0x54 Drivers/STM32F1xx_HAL_Driver/Src/stm32f1xx_hal_tim.o
 .comment       0x0000000000000053       0x54 Drivers/STM32F1xx_HAL_Driver/Src/stm32f1xx_hal_tim_ex.o

.debug_frame    0x0000000000000000     0x3998
 .debug_frame   0x0000000000000000       0xcc Core/Src/main.o
 .debug_frame   0x00000000000000cc       0xc8 Core/Src/stm32f1xx_hal_msp.o
 .debug_frame   0x0000000000000194      0x158 Core/Src/stm32f1xx_it.o
 .debug_frame   0x00000000000002ec       0x58 Core/Src/system_stm32f1xx.o
 .debug_frame   0x0000000000000344      0x430 Core/Src/menu/oled_simulation_menu.o
 .debug_frame   0x0000000000000774       0x48 Core/Src/oled/oled_main.o
 .debug_frame   0x00000000000007bc      0x1d8 Core/Src/oled/ssd1306.o
 .debug_frame   0x0000000000000994      0x334 Drivers/STM32F1xx_HAL_Driver/Src/stm32f1xx_hal.o
 .debug_frame   0x0000000000000cc8      0x428 Drivers/STM32F1xx_HAL_Driver/Src/stm32f1xx_hal_cortex.o
 .debug_frame   0x00000000000010f0      0x14c Drivers/STM32F1xx_HAL_Driver/Src/stm32f1xx_hal_gpio.o
 .debug_frame   0x000000000000123c      0xc5c Drivers/STM32F1xx_HAL_Driver/Src/stm32f1xx_hal_i2c.o
 .debug_frame   0x0000000000001e98      0x21c Drivers/STM32F1xx_HAL_Driver/Src/stm32f1xx_hal_rcc.o
 .debug_frame   0x00000000000020b4     0x11b8 Drivers/STM32F1xx_HAL_Driver/Src/stm32f1xx_hal_tim.o
 .debug_frame   0x000000000000326c      0x638 Drivers/STM32F1xx_HAL_Driver/Src/stm32f1xx_hal_tim_ex.o
 .debug_frame   0x00000000000038a4       0x2c /home/odemki/Programs/programs/STM32IDE/1/en.en-st-stm32cubeide_1-5-0_8698_20201117_1050_amd64_sh/makeself_dir_5QpOGP/y/plugins/com.st.stm32cube.ide.mcu.externaltools.gnu-tools-for-stm32.9-2020-q2-update.linux64_1.5.0.202011040924/tools/bin/../lib/gcc/arm-none-eabi/9.3.1/../../../../arm-none-eabi/lib/thumb/v7-m/nofp/libc_nano.a(lib_a-init.o)
 .debug_frame   0x00000000000038d0       0x38 /home/odemki/Programs/programs/STM32IDE/1/en.en-st-stm32cubeide_1-5-0_8698_20201117_1050_amd64_sh/makeself_dir_5QpOGP/y/plugins/com.st.stm32cube.ide.mcu.externaltools.gnu-tools-for-stm32.9-2020-q2-update.linux64_1.5.0.202011040924/tools/bin/../lib/gcc/arm-none-eabi/9.3.1/../../../../arm-none-eabi/lib/thumb/v7-m/nofp/libc_nano.a(lib_a-itoa.o)
 .debug_frame   0x0000000000003908       0x20 /home/odemki/Programs/programs/STM32IDE/1/en.en-st-stm32cubeide_1-5-0_8698_20201117_1050_amd64_sh/makeself_dir_5QpOGP/y/plugins/com.st.stm32cube.ide.mcu.externaltools.gnu-tools-for-stm32.9-2020-q2-update.linux64_1.5.0.202011040924/tools/bin/../lib/gcc/arm-none-eabi/9.3.1/../../../../arm-none-eabi/lib/thumb/v7-m/nofp/libc_nano.a(lib_a-memset.o)
 .debug_frame   0x0000000000003928       0x28 /home/odemki/Programs/programs/STM32IDE/1/en.en-st-stm32cubeide_1-5-0_8698_20201117_1050_amd64_sh/makeself_dir_5QpOGP/y/plugins/com.st.stm32cube.ide.mcu.externaltools.gnu-tools-for-stm32.9-2020-q2-update.linux64_1.5.0.202011040924/tools/bin/../lib/gcc/arm-none-eabi/9.3.1/../../../../arm-none-eabi/lib/thumb/v7-m/nofp/libc_nano.a(lib_a-strncpy.o)
 .debug_frame   0x0000000000003950       0x48 /home/odemki/Programs/programs/STM32IDE/1/en.en-st-stm32cubeide_1-5-0_8698_20201117_1050_amd64_sh/makeself_dir_5QpOGP/y/plugins/com.st.stm32cube.ide.mcu.externaltools.gnu-tools-for-stm32.9-2020-q2-update.linux64_1.5.0.202011040924/tools/bin/../lib/gcc/arm-none-eabi/9.3.1/../../../../arm-none-eabi/lib/thumb/v7-m/nofp/libc_nano.a(lib_a-utoa.o)
