oled_simulation_menu.c:115:6:scroll_bar	48	static
oled_simulation_menu.c:166:6:print_rectangle_on_head	16	static
oled_simulation_menu.c:173:6:clear_menu_items	48	static
oled_simulation_menu.c:201:6:print_rows_on_oled_if_up	32	static
oled_simulation_menu.c:238:6:print_rows_on_oled_if_down	32	static
oled_simulation_menu.c:277:6:print_menu_init	48	static
oled_simulation_menu.c:317:6:action	40	static
oled_simulation_menu.c:366:6:return_from_menu	40	static
oled_simulation_menu.c:383:6:do_it_function_menu_1	32	static
oled_simulation_menu.c:416:6:items_menu_1_set_par_1	24	static
oled_simulation_menu.c:446:6:items_menu_1_set_par_2	24	static
oled_simulation_menu.c:475:6:items_menu_1_set_par_3	24	static
oled_simulation_menu.c:506:6:do_it_function_menu_2	32	static
oled_simulation_menu.c:538:6:items_menu_2_set_par_1	24	static
oled_simulation_menu.c:570:6:do_it_function_menu_3	32	static
oled_simulation_menu.c:606:6:do_it_function_menu_4	32	static
oled_simulation_menu.c:639:6:items_menu_4_set_par_1	24	static
oled_simulation_menu.c:668:6:items_menu_4_set_par_2	24	static
oled_simulation_menu.c:697:6:items_menu_4_set_par_3	24	static
oled_simulation_menu.c:726:6:items_menu_4_set_par_4	24	static
oled_simulation_menu.c:755:6:items_menu_4_set_par_5	24	static
oled_simulation_menu.c:784:6:items_menu_4_set_par_6	24	static
oled_simulation_menu.c:813:6:items_menu_4_set_par_7	24	static
oled_simulation_menu.c:842:6:items_menu_4_set_par_8	24	static
oled_simulation_menu.c:872:6:Menu_Init	88	static
oled_simulation_menu.c:1223:6:up	8	static
oled_simulation_menu.c:1235:6:down	8	static
oled_simulation_menu.c:1247:6:enter	16	static
oled_simulation_menu.c:1264:6:menu	8	static
