oled_simulation_menu.c:115:6:scroll_bar	48	static
oled_simulation_menu.c:166:6:print_rectangle_on_head	16	static
oled_simulation_menu.c:173:6:clear_menu_items	48	static
oled_simulation_menu.c:201:6:print_rows_on_oled_if_up	32	static
oled_simulation_menu.c:238:6:print_rows_on_oled_if_down	32	static
oled_simulation_menu.c:277:6:print_menu_init	48	static
oled_simulation_menu.c:322:6:action	40	static
oled_simulation_menu.c:371:6:return_from_menu	40	static
oled_simulation_menu.c:388:6:do_it_function_menu_1	32	static
oled_simulation_menu.c:421:6:items_menu_1_set_par_1	24	static
oled_simulation_menu.c:451:6:items_menu_1_set_par_2	24	static
oled_simulation_menu.c:480:6:items_menu_1_set_par_3	24	static
oled_simulation_menu.c:511:6:do_it_function_menu_2	32	static
oled_simulation_menu.c:543:6:items_menu_2_set_par_1	24	static
oled_simulation_menu.c:575:6:do_it_function_menu_3	32	static
oled_simulation_menu.c:611:6:do_it_function_menu_4	32	static
oled_simulation_menu.c:644:6:items_menu_4_set_par_1	24	static
oled_simulation_menu.c:673:6:items_menu_4_set_par_2	24	static
oled_simulation_menu.c:702:6:items_menu_4_set_par_3	24	static
oled_simulation_menu.c:731:6:items_menu_4_set_par_4	24	static
oled_simulation_menu.c:760:6:items_menu_4_set_par_5	24	static
oled_simulation_menu.c:789:6:items_menu_4_set_par_6	24	static
oled_simulation_menu.c:818:6:items_menu_4_set_par_7	24	static
oled_simulation_menu.c:847:6:items_menu_4_set_par_8	24	static
oled_simulation_menu.c:877:6:Menu_Init	88	static
oled_simulation_menu.c:1228:6:up	8	static
oled_simulation_menu.c:1240:6:down	8	static
oled_simulation_menu.c:1252:6:enter	16	static
oled_simulation_menu.c:1269:6:menu	8	static
